// Jest Snapshot v1, https://goo.gl/fbAQLP

exports[`Should NoDataContainer render correctly 1`] = `
<div
  className="cities__status-wrapper tabs__content"
>
  <b
    className="cities__status"
  >
    Нам пока нечего вам показать
  </b>
  <p
    className="cities__status-description"
  >
    Пожалуйста обновите страницу
  </p>
</div>
`;
